{
  "title": "Unlocking the Power of Variational Auto-Encoders: Five Key Applications",
  "tl_dr": "Variational Auto-Encoders (VAEs) are versatile deep learning models that excel in five key applications: data compression, synthetic data generation, noise reduction, anomaly detection, and missing data imputation, as demonstrated using the MNIST dataset. The article provides practical insights and a PyTorch implementation example to illustrate how VAEs function and their advantages over traditional autoencoders and GANs.",
  "tags": {
    "algorithm": ["variational auto-encoders"],
    "dataset": ["mnist"],
    "task": [
      "data compression",
      "anomaly detection",
      "noise reduction",
      "missing data imputation",
      "data generation",
      "image generation",
      "dimensionality reduction"
    ],
    "use_case": ["synthetic data"]
  },
  "references": {
    "search_queries": [
      "Variational Auto-Encoders applications in deep learning",
      "VAE architecture and the reparameterization trick",
      "Comparison of Variational Auto-Encoders and Generative Adversarial Networks",
      "Using VAEs for anomaly detection in machine learning"
    ],
    "selected_references": [
      {
        "title": "What is a Variational Autoencoder? - IBM",
        "url": "https://www.ibm.com/think/topics/variational-autoencoder",
        "page_content": "Variational autoencoders (VAEs) are generative models used in machine learning (ML) to generate new data in the form of variations of the input data they’re trained on. Like all autoencoders, variational autoencoders are deep learning models composed of an encoder that learns to isolate the importan..."
      },
      {
        "title": "What Are Variational Autoencoders (VAEs)? - Great Learning",
        "url": "https://www.mygreatlearning.com/blog/understanding-variational-autoencoder/",
        "page_content": "Variational Autoencoders (VAEs) are deep learning models that generate new data by learning the probability distribution of input data. Unlike traditional autoencoders, VAEs are used for image generation, anomaly detection, and data compression."
      },
      {
        "title": "What is Variational Autoencoders ? - Analytics Vidhya",
        "url": "https://www.analyticsvidhya.com/blog/2023/07/an-overview-of-variational-autoencoders/",
        "page_content": "A Variational Autoencoder (VAE) is a deep learning model that generates new data by learning a probabilistic representation of input data."
      },
      {
        "title": "GANs vs. VAEs: What is the best generative AI approach? | TechTarget",
        "url": "https://www.techtarget.com/searchenterpriseai/feature/GANs-vs-VAEs-What-is-the-best-generative-AI-approach",
        "page_content": "A VAE-GAN hybrid would combine the VAE's ability to generate meaningful representatives of data with the GAN's talent for producing high-quality, realistic images. Unsupervised learning methods. GANs and VAEs can learn to identify patterns and generate new content using unlabeled data sets."
      },
      {
        "title": "Variational Autoencoder For Anomaly Detection Using TensorFlow",
        "url": "https://www.analyticsvidhya.com/blog/2023/09/variational-autoencode-for-anomaly-detection-using-tensorflow/",
        "page_content": "A Variational Autoencoder (VAE) is a sophisticated neural network architecture that combines elements of generative modeling and variational inference to learn complex data distributions, particularly in unsupervised machine learning tasks."
      },
      {
        "title": "Hands-on Anomaly Detection with Variational Autoencoders - Medium",
        "url": "https://medium.com/data-science/hands-on-anomaly-detection-with-variational-autoencoders-d4044672acd5",
        "page_content": "In a VAE, the encoder similarly learns a function that takes as its input a vector of size _n._ However, instead of learning how to generate a latent vector that the decoder function can reproduce, as traditional AEs do, a VAE learns to generate two vectors (of size _m)_ that represent _the parameters of a probability distribution_ over the latent space."
      }
    ]
  },
  "manager_brief": "**Internal Brief: One Model, Five Superpowers: The Versatility of Variational Auto-Encoders**\n\nCentral Theme and Goals:\nThis article aims to explore the versatility of Variational Auto-Encoders (VAEs) as powerful deep learning models. It highlights five key applications: data compression, synthetic data generation, noise reduction, anomaly detection, and missing data imputation. The overarching goal is to provide practical insights for AI/ML practitioners, illustrated through examples using the MNIST dataset.\n\nKey Concepts and Contributions:\n- VAEs Overview: Introduction to VAEs as generative models that encode data into a probabilistic latent space.\n- Applications: Detailed exploration of five applications of VAEs, demonstrating their capabilities in real-world scenarios.\n- Implementation Example: A PyTorch implementation example to provide a concrete understanding of how VAEs function.\n- Comparative Analysis: A comparison with traditional autoencoders and GANs to contextualize VAEs’ strengths.\n\nContext for Agents:\nAgents should remain aligned on the focus of the article being practical and illustrative, using the MNIST dataset for demonstration purposes. It is critical not to inflate the depth or complexity of the content beyond what is presented. The article should emphasize VAEs' adaptability across different data types and applications while avoiding overstatement of their capabilities.\n\nNote: Ensure all sections maintain clarity and consistency with the outlined themes and applications."
}
